// Vitest Snapshot v1

exports[`VcsButton > should mount 1`] = `
"<div data-v-4027582a=\\"\\" class=\\"d-inline-block vcs-button-wrap\\"><button data-v-4027582a=\\"\\" type=\\"button\\" class=\\"v-btn v-btn--text theme--light v-size--default vcs-button--standard padding\\"><span class=\\"v-btn__content\\"></span></button>
  <!---->
</div>"
`;
